// Jest Snapshot v1, https://goo.gl/fbAQLP

exports[`should take a snapshot 1`] = `
<DocumentFragment>
  <div>
    <div>
      <nav
        class="navbar navbar-expand navbar-dark bg-dark"
      >
        <span
          class="navbar-brand"
        >
          <img
            height="50"
            src="https://i.imgur.com/rRcUk5O.png"
          />
          Logo
        </span>
      </nav>
    </div>
    <h1>
      Blue Ocean
    </h1>
    <div
      class="search-bar"
    >
      <input
        placeholder="Search users..."
        type="text"
        value=""
      />
    </div>
    <div>
      Loading...
    </div>
    <div />
  </div>
</DocumentFragment>
`;
